// Jest Snapshot v1, https://goo.gl/fbAQLP

exports[`ss-ui-library dist files exports modules correctly 1`] = `
Array [
  "Star",
  "version",
]
`;
